../Core/Src/main.c:96:13:PrivilegiosSVC	40	static,ignoring_inline_asm
../Core/Src/main.c:152:6:zeros	24	static
../Core/Src/main.c:162:6:productoEscalar32	32	static
../Core/Src/main.c:173:6:productoEscalar16	32	static
../Core/Src/main.c:183:6:productoEscalar12	32	static
../Core/Src/main.c:202:6:filtroVentana10	40	static
../Core/Src/main.c:220:6:pack32to16	32	static
../Core/Src/main.c:233:9:max	24	static
../Core/Src/main.c:253:6:downsampleM	40	static
../Core/Src/main.c:277:6:invertir	32	static
../Core/Src/main.c:301:5:main	8	static
../Core/Src/main.c:367:6:SystemClock_Config	88	static
../Core/Src/main.c:409:13:MX_GPIO_Init	16	static
../Core/Src/main.c:425:6:Error_Handler	4	static,ignoring_inline_asm
