../Core/Src/main.c:90:13:PrivilegiosSVC	40	static,ignoring_inline_asm
../Core/Src/main.c:146:6:zeros	24	static
../Core/Src/main.c:156:6:productoEscalar32	32	static
../Core/Src/main.c:167:6:productoEscalar16	32	static
../Core/Src/main.c:177:6:productoEscalar12	32	static
../Core/Src/main.c:196:6:filtroVentana10	40	static
../Core/Src/main.c:233:5:main	8	static
../Core/Src/main.c:294:6:SystemClock_Config	88	static
../Core/Src/main.c:336:13:MX_GPIO_Init	16	static
../Core/Src/main.c:352:6:Error_Handler	4	static,ignoring_inline_asm
